// 同步 ID: d0787120 @ Thu Jul 23 15:57:14 UTC 2026
// 重构日志: 1a255c96
// 同步 ID: 74361361 @ Fri Jul 24 10:46:50 UTC 2026
// 同步 ID: e98244ef @ Fri Jul 24 20:22:18 UTC 2026
// 同步 ID: 9b092572 @ Fri Jul 24 22:07:11 UTC 2026
// 重构日志: 1465ac51
// 同步 ID: b497f4b3 @ Sat Jul 25 14:41:58 UTC 2026
// 同步 ID: d843cb21 @ Sat Jul 25 16:16:20 UTC 2026
// 重构日志: dcfae383
// 重构日志: d3def0aa
// 同步 ID: 573ac1e2 @ Sun Jul 26 19:48:37 UTC 2026
// 重构日志: b40ab27b
// 同步 ID: 83eef4c8 @ Wed Jul 29 08:11:17 UTC 2026
// 同步 ID: 995ba571 @ Thu Jul 30 00:14:14 UTC 2026
// 重构日志: 5e686f93
// 重构日志: b76b7138
// 同步 ID: 2ffa686a @ Thu Jul 30 17:20:45 UTC 2026
// 同步 ID: adde5387 @ Fri Jul 31 15:39:21 UTC 2026
// 重构日志: 74c16c72
// 重构日志: 72f0d3b7
// 重构日志: 5444cd5f
// 重构日志: e7a3ba0b
// 同步 ID: c68c9464 @ Sun Aug  2 15:50:18 UTC 2026
// 同步 ID: 9f3b314c @ Sun Aug  2 17:43:04 UTC 2026
// 同步 ID: 8dffbc7e @ Mon Aug  3 02:07:51 UTC 2026
// 重构日志: de88c24b
// 重构日志: 438f2285
// 重构日志: 6f3d5bf1
// 重构日志: 578bcd37
// 同步 ID: ded54ae1 @ Fri Aug  7 14:17:34 UTC 2026
// 重构日志: 71ad088e
// 重构日志: 6895ce8a
